Copyright 1986-2017 Xilinx, Inc. All Rights Reserved.
-----------------------------------------------------------------------------------------------------
| Tool Version : Vivado v.2017.4 (lin64) Build 2086221 Fri Dec 15 20:54:30 MST 2017
| Date         : Sat May  5 21:19:24 2018
| Host         : daniel-VM running 64-bit Ubuntu 16.04.4 LTS
| Command      : report_control_sets -verbose -file ProcessingSystem_wrapper_control_sets_placed.rpt
| Design       : ProcessingSystem_wrapper
| Device       : xc7z010
-----------------------------------------------------------------------------------------------------

Control Set Information

Table of Contents
-----------------
1. Summary
2. Flip-Flop Distribution
3. Detailed Control Set Information

1. Summary
----------

+----------------------------------------------------------+-------+
|                          Status                          | Count |
+----------------------------------------------------------+-------+
| Number of unique control sets                            |    34 |
| Unused register locations in slices containing registers |    86 |
+----------------------------------------------------------+-------+


2. Flip-Flop Distribution
-------------------------

+--------------+-----------------------+------------------------+-----------------+--------------+
| Clock Enable | Synchronous Set/Reset | Asynchronous Set/Reset | Total Registers | Total Slices |
+--------------+-----------------------+------------------------+-----------------+--------------+
| No           | No                    | No                     |             132 |           44 |
| No           | No                    | Yes                    |               0 |            0 |
| No           | Yes                   | No                     |              95 |           30 |
| Yes          | No                    | No                     |             336 |           82 |
| Yes          | No                    | Yes                    |               0 |            0 |
| Yes          | Yes                   | No                     |              39 |           14 |
+--------------+-----------------------+------------------------+-----------------+--------------+


3. Detailed Control Set Information
-----------------------------------

+---------------------------------------------------------+------------------------------------------------------------------------------------------------------------------------------------------------------------------------+--------------------------------------------------------------------------------------------------------------------------------------------------+------------------+----------------+
|                       Clock Signal                      |                                                                              Enable Signal                                                                             |                                                                 Set/Reset Signal                                                                 | Slice Load Count | Bel Load Count |
+---------------------------------------------------------+------------------------------------------------------------------------------------------------------------------------------------------------------------------------+--------------------------------------------------------------------------------------------------------------------------------------------------+------------------+----------------+
|  ProcessingSystem_i/processing_system7_0/inst/FCLK_CLK0 | ProcessingSystem_i/ps7_0_axi_periph/s00_couplers/auto_pc/inst/gen_axilite.gen_b2s_conv.axilite_b2s/WR.b_channel_0/bid_fifo_0/bresp_push                                |                                                                                                                                                  |                1 |              2 |
|  ProcessingSystem_i/processing_system7_0/inst/FCLK_CLK0 | ProcessingSystem_i/AXI_GPIO_Taster/U0/AXI_LITE_IPIF_I/I_SLAVE_ATTACHMENT/bus2ip_addr_i[8]_i_1_n_0                                                                      | ProcessingSystem_i/AXI_GPIO_Taster/U0/AXI_LITE_IPIF_I/I_SLAVE_ATTACHMENT/SR                                                                      |                3 |              4 |
|  ProcessingSystem_i/processing_system7_0/inst/FCLK_CLK0 |                                                                                                                                                                        | ProcessingSystem_i/AXI_GPIO_Taster/U0/AXI_LITE_IPIF_I/I_SLAVE_ATTACHMENT/clear                                                                   |                1 |              4 |
|  ProcessingSystem_i/processing_system7_0/inst/FCLK_CLK0 |                                                                                                                                                                        | ProcessingSystem_i/ps7_0_axi_periph/s00_couplers/auto_pc/inst/gen_axilite.gen_b2s_conv.axilite_b2s/SI_REG/ar.ar_pipe/m_valid_i_reg_0             |                2 |              4 |
|  ProcessingSystem_i/processing_system7_0/inst/FCLK_CLK0 |                                                                                                                                                                        | ProcessingSystem_i/AXI_GPIO_Taster/U0/AXI_LITE_IPIF_I/I_SLAVE_ATTACHMENT/I_DECODER/Not_Dual.ALLIN1_ND.READ_REG_GEN[0].reg1_reg[28]               |                1 |              4 |
|  ProcessingSystem_i/processing_system7_0/inst/FCLK_CLK0 |                                                                                                                                                                        | ProcessingSystem_i/ps7_0_axi_periph/s00_couplers/auto_pc/inst/gen_axilite.gen_b2s_conv.axilite_b2s/SI_REG/aw.aw_pipe/s_ready_i_reg_0             |                3 |              4 |
|  ProcessingSystem_i/processing_system7_0/inst/FCLK_CLK0 |                                                                                                                                                                        | ProcessingSystem_i/proc_sys_reset_0/U0/EXT_LPF/lpf_int                                                                                           |                2 |              4 |
|  ProcessingSystem_i/processing_system7_0/inst/FCLK_CLK0 | ProcessingSystem_i/AXI_GPIO_Taster/U0/AXI_LITE_IPIF_I/I_SLAVE_ATTACHMENT/start2                                                                                        | ProcessingSystem_i/AXI_GPIO_Taster/U0/AXI_LITE_IPIF_I/I_SLAVE_ATTACHMENT/I_DECODER/cs_ce_clr                                                     |                1 |              4 |
|  ProcessingSystem_i/processing_system7_0/inst/FCLK_CLK0 | ProcessingSystem_i/ps7_0_axi_periph/s00_couplers/auto_pc/inst/gen_axilite.gen_b2s_conv.axilite_b2s/WR.aw_channel_0/aw_cmd_fsm_0/E[0]                                   | ProcessingSystem_i/ps7_0_axi_periph/s00_couplers/auto_pc/inst/gen_axilite.gen_b2s_conv.axilite_b2s/WR.aw_channel_0/aw_cmd_fsm_0/axlen_cnt_reg[7] |                2 |              4 |
|  ProcessingSystem_i/processing_system7_0/inst/FCLK_CLK0 | ProcessingSystem_i/ps7_0_axi_periph/s00_couplers/auto_pc/inst/gen_axilite.gen_b2s_conv.axilite_b2s/RD.ar_channel_0/ar_cmd_fsm_0/axlen_cnt_reg[4][0]                    | ProcessingSystem_i/ps7_0_axi_periph/s00_couplers/auto_pc/inst/gen_axilite.gen_b2s_conv.axilite_b2s/RD.ar_channel_0/ar_cmd_fsm_0/axlen_cnt_reg[7] |                1 |              4 |
|  ProcessingSystem_i/processing_system7_0/inst/FCLK_CLK0 | ProcessingSystem_i/AXI_GPIO_Taster/U0/AXI_LITE_IPIF_I/I_SLAVE_ATTACHMENT/I_DECODER/Not_Dual.gpio_OE_reg[0][0]                                                          | ProcessingSystem_i/AXI_GPIO_Taster/U0/AXI_LITE_IPIF_I/I_SLAVE_ATTACHMENT/SR                                                                      |                2 |              4 |
|  ProcessingSystem_i/processing_system7_0/inst/FCLK_CLK0 | ProcessingSystem_i/AXI_GPIO_Taster/U0/AXI_LITE_IPIF_I/I_SLAVE_ATTACHMENT/s_axi_rdata_i[31]_i_1_n_0                                                                     | ProcessingSystem_i/AXI_GPIO_Taster/U0/AXI_LITE_IPIF_I/I_SLAVE_ATTACHMENT/SR                                                                      |                1 |              5 |
|  ProcessingSystem_i/processing_system7_0/inst/FCLK_CLK0 | ProcessingSystem_i/proc_sys_reset_0/U0/SEQ/seq_cnt_en                                                                                                                  | ProcessingSystem_i/proc_sys_reset_0/U0/SEQ/SEQ_COUNTER/clear                                                                                     |                1 |              6 |
|  ProcessingSystem_i/processing_system7_0/inst/FCLK_CLK0 | ProcessingSystem_i/ps7_0_axi_periph/s00_couplers/auto_pc/inst/gen_axilite.gen_b2s_conv.axilite_b2s/WR.b_channel_0/mhandshake_r                                         | ProcessingSystem_i/ps7_0_axi_periph/s00_couplers/auto_pc/inst/gen_axilite.gen_b2s_conv.axilite_b2s/WR.b_channel_0/bid_fifo_0/SR[0]               |                3 |              8 |
|  ProcessingSystem_i/processing_system7_0/inst/FCLK_CLK0 | ProcessingSystem_i/ps7_0_axi_periph/s00_couplers/auto_pc/inst/gen_axilite.gen_b2s_conv.axilite_b2s/WR.aw_channel_0/cmd_translator_0/incr_cmd_0/axaddr_incr[11]_i_1_n_0 |                                                                                                                                                  |                2 |             12 |
|  ProcessingSystem_i/processing_system7_0/inst/FCLK_CLK0 | ProcessingSystem_i/ps7_0_axi_periph/s00_couplers/auto_pc/inst/gen_axilite.gen_b2s_conv.axilite_b2s/WR.aw_channel_0/aw_cmd_fsm_0/wrap_boundary_axaddr_r_reg[0][0]       |                                                                                                                                                  |                4 |             12 |
|  ProcessingSystem_i/processing_system7_0/inst/FCLK_CLK0 | ProcessingSystem_i/ps7_0_axi_periph/s00_couplers/auto_pc/inst/gen_axilite.gen_b2s_conv.axilite_b2s/RD.ar_channel_0/ar_cmd_fsm_0/axaddr_incr_reg[0][0]                  |                                                                                                                                                  |                3 |             12 |
|  ProcessingSystem_i/processing_system7_0/inst/FCLK_CLK0 | ProcessingSystem_i/ps7_0_axi_periph/s00_couplers/auto_pc/inst/gen_axilite.gen_b2s_conv.axilite_b2s/RD.ar_channel_0/ar_cmd_fsm_0/E[0]                                   |                                                                                                                                                  |                5 |             12 |
|  ProcessingSystem_i/processing_system7_0/inst/FCLK_CLK0 | ProcessingSystem_i/ps7_0_axi_periph/s00_couplers/auto_pc/inst/gen_axilite.gen_b2s_conv.axilite_b2s/RD.r_channel_0/r_push_r                                             |                                                                                                                                                  |                4 |             13 |
|  ProcessingSystem_i/processing_system7_0/inst/FCLK_CLK0 | ProcessingSystem_i/ps7_0_axi_periph/s00_couplers/auto_pc/inst/gen_axilite.gen_b2s_conv.axilite_b2s/SI_REG/b.b_pipe/skid_buffer_reg[0]_0                                |                                                                                                                                                  |                4 |             14 |
|  ProcessingSystem_i/processing_system7_0/inst/FCLK_CLK0 | ProcessingSystem_i/ps7_0_axi_periph/s00_couplers/auto_pc/inst/gen_axilite.gen_b2s_conv.axilite_b2s/SI_REG/b.b_pipe/p_1_in                                              |                                                                                                                                                  |                3 |             14 |
|  ProcessingSystem_i/processing_system7_0/inst/FCLK_CLK0 | ProcessingSystem_i/ps7_0_axi_periph/s00_couplers/auto_pc/inst/gen_axilite.gen_b2s_conv.axilite_b2s/WR.aw_channel_0/aw_cmd_fsm_0/b_push                                 |                                                                                                                                                  |                3 |             16 |
|  ProcessingSystem_i/processing_system7_0/inst/FCLK_CLK0 |                                                                                                                                                                        | ProcessingSystem_i/AXI_GPIO_Taster/U0/AXI_LITE_IPIF_I/I_SLAVE_ATTACHMENT/SR                                                                      |                5 |             16 |
|  ProcessingSystem_i/processing_system7_0/inst/FCLK_CLK0 | ProcessingSystem_i/ps7_0_axi_periph/s00_couplers/auto_pc/inst/gen_axilite.gen_b2s_conv.axilite_b2s/WR.aw_channel_0/aw_cmd_fsm_0/E[0]                                   |                                                                                                                                                  |                7 |             21 |
|  ProcessingSystem_i/processing_system7_0/inst/FCLK_CLK0 | ProcessingSystem_i/ps7_0_axi_periph/s00_couplers/auto_pc/inst/gen_axilite.gen_b2s_conv.axilite_b2s/RD.ar_channel_0/ar_cmd_fsm_0/axlen_cnt_reg[4][0]                    |                                                                                                                                                  |                8 |             21 |
|  ProcessingSystem_i/processing_system7_0/inst/FCLK_CLK0 | ProcessingSystem_i/ps7_0_axi_periph/s00_couplers/auto_pc/inst/gen_axilite.gen_b2s_conv.axilite_b2s/SI_REG/ar.ar_pipe/s_axi_arready                                     |                                                                                                                                                  |                8 |             32 |
|  ProcessingSystem_i/processing_system7_0/inst/FCLK_CLK0 | ProcessingSystem_i/ps7_0_axi_periph/s00_couplers/auto_pc/inst/gen_axilite.gen_b2s_conv.axilite_b2s/SI_REG/aw.aw_pipe/s_axi_awready                                     |                                                                                                                                                  |                6 |             32 |
|  ProcessingSystem_i/processing_system7_0/inst/FCLK_CLK0 | ProcessingSystem_i/ps7_0_axi_periph/s00_couplers/auto_pc/inst/gen_axilite.gen_b2s_conv.axilite_b2s/RD.ar_channel_0/ar_cmd_fsm_0/m_payload_i_reg[0]_1[0]                |                                                                                                                                                  |                8 |             32 |
|  ProcessingSystem_i/processing_system7_0/inst/FCLK_CLK0 | ProcessingSystem_i/ps7_0_axi_periph/s00_couplers/auto_pc/inst/gen_axilite.gen_b2s_conv.axilite_b2s/WR.aw_channel_0/aw_cmd_fsm_0/m_payload_i_reg[0][0]                  |                                                                                                                                                  |                5 |             32 |
|  ProcessingSystem_i/processing_system7_0/inst/FCLK_CLK0 | ProcessingSystem_i/ps7_0_axi_periph/s00_couplers/auto_pc/inst/gen_axilite.gen_b2s_conv.axilite_b2s/RD.r_channel_0/rd_data_fifo_0/wr_en0                                |                                                                                                                                                  |                8 |             32 |
|  ProcessingSystem_i/processing_system7_0/inst/FCLK_CLK0 | ProcessingSystem_i/ps7_0_axi_periph/s00_couplers/auto_pc/inst/gen_axilite.gen_b2s_conv.axilite_b2s/SI_REG/r.r_pipe/p_1_in                                              |                                                                                                                                                  |                8 |             45 |
|  ProcessingSystem_i/processing_system7_0/inst/FCLK_CLK0 | ProcessingSystem_i/ps7_0_axi_periph/s00_couplers/auto_pc/inst/gen_axilite.gen_b2s_conv.axilite_b2s/SI_REG/r.r_pipe/skid_buffer_reg[0]_0                                |                                                                                                                                                  |               11 |             45 |
|  ProcessingSystem_i/processing_system7_0/inst/FCLK_CLK0 |                                                                                                                                                                        | ProcessingSystem_i/ps7_0_axi_periph/s00_couplers/auto_pc/inst/gen_axilite.gen_b2s_conv.axilite_b2s/areset_d1                                     |               16 |             59 |
|  ProcessingSystem_i/processing_system7_0/inst/FCLK_CLK0 |                                                                                                                                                                        |                                                                                                                                                  |               45 |            133 |
+---------------------------------------------------------+------------------------------------------------------------------------------------------------------------------------------------------------------------------------+--------------------------------------------------------------------------------------------------------------------------------------------------+------------------+----------------+


+--------+-----------------------+
| Fanout | Number of ControlSets |
+--------+-----------------------+
| 2      |                     1 |
| 4      |                    10 |
| 5      |                     1 |
| 6      |                     1 |
| 8      |                     1 |
| 12     |                     4 |
| 13     |                     1 |
| 14     |                     2 |
| 16+    |                    13 |
+--------+-----------------------+


